 Container async_school_system-db-1 Running 
 Container async_school_system-db-1 Waiting 
 Container async_school_system-db-1 Healthy 
 Container async_school_system-odoo-run-c804d3596756 Creating 
 Container async_school_system-odoo-run-c804d3596756 Created 
2026-08-23 20:53:15,248 1 WARNING ? odoo.tools.config: missing --http-interface/http_interface, using 0.0.0.0 by default, will change to 127.0.0.1 in 20.0 
2026-08-23 20:53:15,249 1 INFO ? odoo: Odoo version 19.0-20260810 
2026-08-23 20:53:15,249 1 INFO ? odoo: Using configuration file at /etc/odoo/odoo.conf 
2026-08-23 20:53:15,249 1 INFO ? odoo: addons paths: _NamespacePath(['/usr/lib/python3/dist-packages/odoo/addons', '/var/lib/odoo/addons/19.0', '/mnt/extra-addons', '/usr/lib/python3/dist-packages/addons']) 
2026-08-23 20:53:15,249 1 INFO ? odoo: database: odoo@db:5432 
2026-08-23 20:53:15,745 1 INFO ? odoo.service.server: HTTP service (werkzeug) running on 8914b919f934:8069 
2026-08-23 20:53:15,786 1 INFO ci_test_db odoo.tests.common: Importing test framework 
2026-08-23 20:53:15,851 1 INFO ci_test_db odoo.modules.loading: loading 1 modules... 
2026-08-23 20:53:15,869 1 INFO ci_test_db odoo.modules.loading: 1 modules loaded in 0.02s, 0 queries (+0 extra) 
2026-08-23 20:53:15,995 1 INFO ci_test_db odoo.modules.loading: updating modules list 
2026-08-23 20:53:15,998 1 INFO ci_test_db odoo.addons.base.models.ir_module: ALLOW access to module.update_list on [] to user __system__ #1 via n/a 
2026-08-23 20:53:18,696 1 INFO ci_test_db odoo.addons.base.models.ir_module: ALLOW access to module.button_upgrade on ['School_Management'] to user __system__ #1 via n/a 
2026-08-23 20:53:18,696 1 INFO ci_test_db odoo.addons.base.models.ir_module: ALLOW access to module.update_list on ['School_Management'] to user __system__ #1 via n/a 
2026-08-23 20:53:20,949 1 INFO ci_test_db odoo.addons.base.models.ir_module: ALLOW access to module.button_install on [] to user __system__ #1 via n/a 
2026-08-23 20:53:21,032 1 INFO ci_test_db odoo.modules.loading: loading 52 modules... 
2026-08-23 20:53:21,752 1 INFO ci_test_db odoo.modules.loading: Loading module school_management (52/52) 
2026-08-23 20:53:22,122 1 INFO ci_test_db odoo.registry: module school_management: creating or updating database tables 
2026-08-23 20:53:22,657 1 WARNING ci_test_db odoo.addons.base.models.ir_model: Two fields (class_count, class_ids) of school.section() have the same label: Classes. [Modules: school_management and school_management] 
2026-08-23 20:53:23,108 1 INFO ci_test_db odoo.modules.loading: loading school_management/security/school_security.xml 
2026-08-23 20:53:23,274 1 INFO ci_test_db odoo.modules.loading: loading school_management/security/ir.model.access.csv 
2026-08-23 20:53:23,749 1 INFO ci_test_db odoo.modules.loading: loading school_management/views/school_admission_wizard_views.xml 
2026-08-23 20:53:23,793 1 INFO ci_test_db odoo.modules.loading: loading school_management/views/school_enrollment_views.xml 
2026-08-23 20:53:23,965 1 INFO ci_test_db odoo.modules.loading: loading school_management/security/school_record_rules.xml 
2026-08-23 20:53:24,653 1 INFO ci_test_db odoo.modules.loading: loading school_management/data/school_academic_year_data.xml 
2026-08-23 20:53:24,658 1 INFO ci_test_db odoo.modules.loading: loading school_management/data/school_term_data.xml 
2026-08-23 20:53:24,670 1 INFO ci_test_db odoo.modules.loading: loading school_management/data/school_sequence.xml 
2026-08-23 20:53:24,674 1 INFO ci_test_db odoo.modules.loading: loading school_management/data/school_enrollment_sequence.xml 
2026-08-23 20:53:24,677 1 INFO ci_test_db odoo.modules.loading: loading school_management/data/school_staff_sequence.xml 
2026-08-23 20:53:24,682 1 INFO ci_test_db odoo.modules.loading: loading school_management/data/school_job_title_seed_data.xml 
2026-08-23 20:53:24,726 1 INFO ci_test_db odoo.modules.loading: loading school_management/data/school_teacher_sequence.xml 
2026-08-23 20:53:24,729 1 INFO ci_test_db odoo.modules.loading: loading school_management/data/school_cron.xml 
2026-08-23 20:53:24,735 1 INFO ci_test_db odoo.modules.loading: loading school_management/data/school_grade_stream_data.xml 
2026-08-23 20:53:24,803 1 INFO ci_test_db odoo.modules.loading: loading school_management/data/school_class_seed_data.xml 
2026-08-23 20:53:24,827 1 INFO ci_test_db odoo.modules.loading: loading school_management/views/school_academic_year_views.xml 
2026-08-23 20:53:24,937 1 INFO ci_test_db odoo.modules.loading: loading school_management/views/school_term_views.xml 
2026-08-23 20:53:24,985 1 INFO ci_test_db odoo.modules.loading: loading school_management/views/school_class_views.xml 
2026-08-23 20:53:25,037 1 INFO ci_test_db odoo.modules.loading: loading school_management/views/school_subject_views.xml 
2026-08-23 20:53:25,100 1 INFO ci_test_db odoo.modules.loading: loading school_management/views/school_teacher_views.xml 
2026-08-23 20:53:25,226 1 INFO ci_test_db odoo.models.unlink: User #1 deleted ir.actions.act_window.view records with IDs: [118, 119] 
2026-08-23 20:53:25,276 1 INFO ci_test_db odoo.modules.loading: loading school_management/views/school_teacher_dashboard_views.xml 
2026-08-23 20:53:25,330 1 INFO ci_test_db odoo.modules.loading: loading school_management/views/school_student_views.xml 
2026-08-23 20:53:25,430 1 INFO ci_test_db odoo.modules.loading: loading school_management/views/school_student_dashboard_views.xml 
2026-08-23 20:53:25,462 1 INFO ci_test_db odoo.modules.loading: loading school_management/views/school_student_list_views.xml 
2026-08-23 20:53:25,480 1 INFO ci_test_db odoo.modules.loading: loading school_management/views/school_student_guardian_views.xml 
2026-08-23 20:53:25,529 1 INFO ci_test_db odoo.modules.loading: loading school_management/views/school_grade_subject_views.xml 
2026-08-23 20:53:25,643 1 INFO ci_test_db odoo.modules.loading: loading school_management/views/school_staff_views.xml 
2026-08-23 20:53:25,793 1 INFO ci_test_db odoo.modules.loading: loading school_management/views/school_attendance_views.xml 
2026-08-23 20:53:25,890 1 INFO ci_test_db odoo.modules.loading: loading school_management/views/school_assessment_views.xml 
2026-08-23 20:53:25,952 1 INFO ci_test_db odoo.modules.loading: loading school_management/views/school_mark_views.xml 
2026-08-23 20:53:25,999 1 INFO ci_test_db odoo.modules.loading: loading school_management/views/school_room_views.xml 
2026-08-23 20:53:26,082 1 INFO ci_test_db odoo.modules.loading: loading school_management/views/school_program_views.xml 
2026-08-23 20:53:26,192 1 INFO ci_test_db odoo.modules.loading: loading school_management/views/school_class_schedule_views.xml 
2026-08-23 20:53:26,295 1 INFO ci_test_db odoo.modules.loading: loading school_management/views/school_teacher_assignment_views.xml 
2026-08-23 20:53:26,368 1 INFO ci_test_db odoo.modules.loading: loading school_management/views/school_responsibility_views.xml 
2026-08-23 20:53:26,583 1 INFO ci_test_db odoo.modules.loading: loading school_management/views/school_announcement_views.xml 
2026-08-23 20:53:26,717 1 INFO ci_test_db odoo.modules.loading: loading school_management/views/school_documents_views.xml 
2026-08-23 20:53:26,835 1 INFO ci_test_db odoo.modules.loading: loading school_management/views/school_dashboard_views.xml 
2026-08-23 20:53:27,007 1 INFO ci_test_db odoo.modules.loading: loading school_management/views/school_overview_views.xml 
2026-08-23 20:53:27,159 1 INFO ci_test_db odoo.modules.loading: loading school_management/report/school_student_report.xml 
2026-08-23 20:53:27,199 1 INFO ci_test_db odoo.modules.loading: loading school_management/data/school_weekday_data.xml 
2026-08-23 20:53:27,219 1 INFO ci_test_db odoo.modules.loading: loading school_management/views/school_menu_views.xml 
2026-08-23 20:53:27,809 1 INFO ci_test_db odoo.modules.loading: loading school_management/report/school_report_card_report.xml 
2026-08-23 20:53:27,846 1 INFO ci_test_db odoo.modules.loading: loading school_management/views/school_srs_views.xml 
2026-08-23 20:53:28,398 1 INFO ci_test_db odoo.modules.loading: loading school_management/views/school_setup_wizard_views.xml 
2026-08-23 20:53:28,559 1 INFO ci_test_db odoo.modules.loading: loading school_management/views/school_day_builder_views.xml 
2026-08-23 20:53:28,964 1 INFO ci_test_db odoo.addons.school_management.tests.test_assessment: Starting TestAssessment.test_assessment_date_must_be_inside_selected_term ... 
2026-08-23 20:53:29,385 1 INFO ci_test_db odoo.addons.auth_signup.models.res_users: Signup email sent for user <asm_teacher> to <asm_teacher@school.example> 
2026-08-23 20:53:29,562 1 INFO ci_test_db odoo.addons.auth_signup.models.res_users: Signup email sent for user <asm_officer> to <asm_officer@school.example> 
2026-08-23 20:53:29,944 1 INFO ci_test_db odoo.addons.auth_signup.models.res_users: Signup email sent for user <asm_registrar> to <asm_registrar@school.example> 
2026-08-23 20:53:30,427 1 INFO ci_test_db odoo.addons.school_management.tests.test_assessment: Starting TestAssessment.test_assessment_rejects_assignment_from_another_class ... 
2026-08-23 20:53:30,685 1 INFO ci_test_db odoo.addons.auth_signup.models.res_users: Signup email sent for user <asm_teacher> to <asm_teacher@school.example> 
2026-08-23 20:53:30,938 1 INFO ci_test_db odoo.addons.auth_signup.models.res_users: Signup email sent for user <asm_officer> to <asm_officer@school.example> 
2026-08-23 20:53:31,322 1 INFO ci_test_db odoo.addons.auth_signup.models.res_users: Signup email sent for user <asm_registrar> to <asm_registrar@school.example> 
2026-08-23 20:53:32,032 1 INFO ci_test_db odoo.addons.auth_signup.models.res_users: Signup email sent for user <asm_other_teacher> to <asm_other_teacher@school.example> 
2026-08-23 20:53:32,247 1 INFO ci_test_db odoo.addons.school_management.tests.test_assessment: Starting TestAssessment.test_grading_scheme_activation_requires_complete_percentage_coverage ... 
2026-08-23 20:53:32,541 1 INFO ci_test_db odoo.addons.auth_signup.models.res_users: Signup email sent for user <asm_teacher> to <asm_teacher@school.example> 
2026-08-23 20:53:32,865 1 INFO ci_test_db odoo.addons.auth_signup.models.res_users: Signup email sent for user <asm_officer> to <asm_officer@school.example> 
2026-08-23 20:53:33,192 1 INFO ci_test_db odoo.addons.auth_signup.models.res_users: Signup email sent for user <asm_registrar> to <asm_registrar@school.example> 
2026-08-23 20:53:33,676 1 INFO ci_test_db odoo.addons.school_management.tests.test_assessment: Starting TestAssessment.test_late_enrollment_not_listed ... 
2026-08-23 20:53:34,111 1 INFO ci_test_db odoo.addons.auth_signup.models.res_users: Signup email sent for user <asm_teacher> to <asm_teacher@school.example> 
2026-08-23 20:53:34,473 1 INFO ci_test_db odoo.addons.auth_signup.models.res_users: Signup email sent for user <asm_officer> to <asm_officer@school.example> 
2026-08-23 20:53:34,887 1 INFO ci_test_db odoo.addons.auth_signup.models.res_users: Signup email sent for user <asm_registrar> to <asm_registrar@school.example> 
2026-08-23 20:53:35,594 1 INFO ci_test_db odoo.addons.school_management.tests.test_assessment: Starting TestAssessment.test_locked_marks_require_authorized_unlock ... 
2026-08-23 20:53:36,018 1 INFO ci_test_db odoo.addons.auth_signup.models.res_users: Signup email sent for user <asm_teacher> to <asm_teacher@school.example> 
2026-08-23 20:53:36,335 1 INFO ci_test_db odoo.addons.auth_signup.models.res_users: Signup email sent for user <asm_officer> to <asm_officer@school.example> 
2026-08-23 20:53:36,524 1 INFO ci_test_db odoo.addons.auth_signup.models.res_users: Signup email sent for user <asm_registrar> to <asm_registrar@school.example> 
2026-08-23 20:53:37,068 1 INFO ci_test_db odoo.addons.school_management.tests.test_assessment: Starting TestAssessment.test_mark_rejects_student_from_another_class ... 
2026-08-23 20:53:37,420 1 INFO ci_test_db odoo.addons.auth_signup.models.res_users: Signup email sent for user <asm_teacher> to <asm_teacher@school.example> 
2026-08-23 20:53:37,789 1 INFO ci_test_db odoo.addons.auth_signup.models.res_users: Signup email sent for user <asm_officer> to <asm_officer@school.example> 
2026-08-23 20:53:38,004 1 INFO ci_test_db odoo.addons.auth_signup.models.res_users: Signup email sent for user <asm_registrar> to <asm_registrar@school.example> 
2026-08-23 20:53:38,350 1 INFO ci_test_db odoo.addons.school_management.tests.test_assessment: Starting TestAssessment.test_open_generates_rows_from_subject_enrollments ... 
2026-08-23 20:53:38,759 1 INFO ci_test_db odoo.addons.auth_signup.models.res_users: Signup email sent for user <asm_teacher> to <asm_teacher@school.example> 
2026-08-23 20:53:39,137 1 INFO ci_test_db odoo.addons.auth_signup.models.res_users: Signup email sent for user <asm_officer> to <asm_officer@school.example> 
2026-08-23 20:53:39,538 1 INFO ci_test_db odoo.addons.auth_signup.models.res_users: Signup email sent for user <asm_registrar> to <asm_registrar@school.example> 
2026-08-23 20:53:40,064 1 INFO ci_test_db odoo.addons.school_management.tests.test_assessment: Starting TestAssessment.test_open_without_teacher_assignment_blocked ... 
2026-08-23 20:53:40,460 1 INFO ci_test_db odoo.addons.auth_signup.models.res_users: Signup email sent for user <asm_teacher> to <asm_teacher@school.example> 
2026-08-23 20:53:40,821 1 INFO ci_test_db odoo.addons.auth_signup.models.res_users: Signup email sent for user <asm_officer> to <asm_officer@school.example> 
2026-08-23 20:53:41,184 1 INFO ci_test_db odoo.addons.auth_signup.models.res_users: Signup email sent for user <asm_registrar> to <asm_registrar@school.example> 
2026-08-23 20:53:41,921 1 INFO ci_test_db odoo.addons.school_management.tests.test_assessment: Starting TestAssessment.test_publish_follows_lock ... 
2026-08-23 20:53:42,357 1 INFO ci_test_db odoo.addons.auth_signup.models.res_users: Signup email sent for user <asm_teacher> to <asm_teacher@school.example> 
2026-08-23 20:53:42,707 1 INFO ci_test_db odoo.addons.auth_signup.models.res_users: Signup email sent for user <asm_officer> to <asm_officer@school.example> 
2026-08-23 20:53:43,120 1 INFO ci_test_db odoo.addons.auth_signup.models.res_users: Signup email sent for user <asm_registrar> to <asm_registrar@school.example> 
2026-08-23 20:53:43,779 1 INFO ci_test_db odoo.addons.school_management.tests.test_assessment: Starting TestAssessment.test_published_marks_create_versioned_report_card ... 
2026-08-23 20:53:44,053 1 INFO ci_test_db odoo.addons.auth_signup.models.res_users: Signup email sent for user <asm_teacher> to <asm_teacher@school.example> 
2026-08-23 20:53:44,375 1 INFO ci_test_db odoo.addons.auth_signup.models.res_users: Signup email sent for user <asm_officer> to <asm_officer@school.example> 
2026-08-23 20:53:44,620 1 INFO ci_test_db odoo.addons.auth_signup.models.res_users: Signup email sent for user <asm_registrar> to <asm_registrar@school.example> 
2026-08-23 20:53:44,996 1 INFO ci_test_db odoo.addons.school_management.tests.test_assessment: Starting TestAssessment.test_report_card_wizard_generates_and_opens_percentage_average ... 
2026-08-23 20:53:45,276 1 INFO ci_test_db odoo.addons.auth_signup.models.res_users: Signup email sent for user <asm_teacher> to <asm_teacher@school.example> 
2026-08-23 20:53:45,605 1 INFO ci_test_db odoo.addons.auth_signup.models.res_users: Signup email sent for user <asm_officer> to <asm_officer@school.example> 
2026-08-23 20:53:45,776 1 INFO ci_test_db odoo.addons.auth_signup.models.res_users: Signup email sent for user <asm_registrar> to <asm_registrar@school.example> 
2026-08-23 20:53:46,357 1 INFO ci_test_db odoo.addons.school_management.tests.test_assessment: Starting TestAssessment.test_scope_onchange_rejects_assignment_outside_effective_dates ... 
2026-08-23 20:53:46,666 1 INFO ci_test_db odoo.addons.auth_signup.models.res_users: Signup email sent for user <asm_teacher> to <asm_teacher@school.example> 
2026-08-23 20:53:46,915 1 INFO ci_test_db odoo.addons.auth_signup.models.res_users: Signup email sent for user <asm_officer> to <asm_officer@school.example> 
2026-08-23 20:53:47,247 1 INFO ci_test_db odoo.addons.auth_signup.models.res_users: Signup email sent for user <asm_registrar> to <asm_registrar@school.example> 
2026-08-23 20:53:47,734 1 INFO ci_test_db odoo.addons.school_management.tests.test_assessment: Starting TestAssessment.test_scope_onchange_selects_the_exact_active_assignment ... 
2026-08-23 20:53:47,993 1 INFO ci_test_db odoo.addons.auth_signup.models.res_users: Signup email sent for user <asm_teacher> to <asm_teacher@school.example> 
2026-08-23 20:53:48,347 1 INFO ci_test_db odoo.addons.auth_signup.models.res_users: Signup email sent for user <asm_officer> to <asm_officer@school.example> 
2026-08-23 20:53:48,747 1 INFO ci_test_db odoo.addons.auth_signup.models.res_users: Signup email sent for user <asm_registrar> to <asm_registrar@school.example> 
2026-08-23 20:53:49,313 1 INFO ci_test_db odoo.addons.school_management.tests.test_assessment: Starting TestAssessment.test_score_entry_flips_pending_to_recorded ... 
2026-08-23 20:53:49,691 1 INFO ci_test_db odoo.addons.auth_signup.models.res_users: Signup email sent for user <asm_teacher> to <asm_teacher@school.example> 
2026-08-23 20:53:49,982 1 INFO ci_test_db odoo.addons.auth_signup.models.res_users: Signup email sent for user <asm_officer> to <asm_officer@school.example> 
2026-08-23 20:53:50,222 1 INFO ci_test_db odoo.addons.auth_signup.models.res_users: Signup email sent for user <asm_registrar> to <asm_registrar@school.example> 
2026-08-23 20:53:50,774 1 INFO ci_test_db odoo.addons.school_management.tests.test_assessment: Starting TestAssessment.test_selecting_term_clamps_default_date_to_its_range ... 
2026-08-23 20:53:51,157 1 INFO ci_test_db odoo.addons.auth_signup.models.res_users: Signup email sent for user <asm_teacher> to <asm_teacher@school.example> 
2026-08-23 20:53:51,507 1 INFO ci_test_db odoo.addons.auth_signup.models.res_users: Signup email sent for user <asm_officer> to <asm_officer@school.example> 
2026-08-23 20:53:51,836 1 INFO ci_test_db odoo.addons.auth_signup.models.res_users: Signup email sent for user <asm_registrar> to <asm_registrar@school.example> 
2026-08-23 20:53:52,344 1 INFO ci_test_db odoo.addons.school_management.tests.test_assessment: Starting TestAssessment.test_teacher_cannot_create_mark_rows ... 
2026-08-23 20:53:52,788 1 INFO ci_test_db odoo.addons.auth_signup.models.res_users: Signup email sent for user <asm_teacher> to <asm_teacher@school.example> 
2026-08-23 20:53:53,133 1 INFO ci_test_db odoo.addons.auth_signup.models.res_users: Signup email sent for user <asm_officer> to <asm_officer@school.example> 
2026-08-23 20:53:53,481 1 INFO ci_test_db odoo.addons.auth_signup.models.res_users: Signup email sent for user <asm_registrar> to <asm_registrar@school.example> 
2026-08-23 20:53:54,218 1 INFO ci_test_db odoo.addons.base.models.ir_model: Access Denied by ACLs for operation: create, uid: 2425, model: school.mark 
2026-08-23 20:53:54,228 1 INFO ci_test_db odoo.addons.school_management.tests.test_assessment: Starting TestAssessment.test_transfer_does_not_rewrite_mark_class ... 
2026-08-23 20:53:54,625 1 INFO ci_test_db odoo.addons.auth_signup.models.res_users: Signup email sent for user <asm_teacher> to <asm_teacher@school.example> 
2026-08-23 20:53:54,947 1 INFO ci_test_db odoo.addons.auth_signup.models.res_users: Signup email sent for user <asm_officer> to <asm_officer@school.example> 
2026-08-23 20:53:55,360 1 INFO ci_test_db odoo.addons.auth_signup.models.res_users: Signup email sent for user <asm_registrar> to <asm_registrar@school.example> 
2026-08-23 20:53:56,101 1 INFO ci_test_db odoo.addons.base.models.ir_attachment: filestore gc 6 checked, 5 removed 
2026-08-23 20:53:56,103 1 INFO ci_test_db odoo.addons.school_management.tests.test_attendance_roster: Starting TestAttendanceRoster.test_attendance_before_enrollment_refused ... 
2026-08-23 20:53:56,389 1 INFO ci_test_db odoo.addons.school_management.tests.test_attendance_roster: Starting TestAttendanceRoster.test_attendance_requires_active_enrollment ... 
2026-08-23 20:53:56,438 1 INFO ci_test_db odoo.addons.school_management.tests.test_attendance_roster: Starting TestAttendanceRoster.test_past_attendance_undeletable_for_non_admin ... 
2026-08-23 20:53:56,738 1 INFO ci_test_db odoo.addons.school_management.tests.test_attendance_roster: ====================================================================== 
2026-08-23 20:53:56,739 1 ERROR ci_test_db odoo.addons.school_management.tests.test_attendance_roster: ERROR: TestAttendanceRoster.test_past_attendance_undeletable_for_non_admin
Traceback (most recent call last):
  File "/mnt/extra-addons/school_management/tests/test_attendance_roster.py", line 158, in test_past_attendance_undeletable_for_non_admin
    today_row = self.env['school.attendance'].create({
                ^^^^^^^^^^^^^^^^^^^^^^^^^^^^^^^^^^^^^^
  File "/usr/lib/python3/dist-packages/odoo/orm/decorators.py", line 369, in create
    return method(self, vals_list)
           ^^^^^^^^^^^^^^^^^^^^^^^
  File "/mnt/extra-addons/school_management/models/school_attendance.py", line 89, in create
    self._complete_from_enrollment(vals)
  File "/mnt/extra-addons/school_management/models/school_attendance.py", line 121, in _complete_from_enrollment
    raise ValidationError(
odoo.exceptions.ValidationError: ATT Student One has no effective placement on 2026-08-23.
 
2026-08-23 20:53:56,740 1 INFO ci_test_db odoo.addons.school_management.tests.test_attendance_roster: Starting TestAttendanceRoster.test_roster_generation_is_idempotent ... 
2026-08-23 20:53:56,977 1 INFO ci_test_db odoo.addons.school_management.tests.test_attendance_roster: Starting TestAttendanceRoster.test_roster_respects_enrollment_date ... 
2026-08-23 20:53:57,199 1 INFO ci_test_db odoo.addons.school_management.tests.test_attendance_roster: Starting TestAttendanceRoster.test_transfer_preserves_history_and_moves_rosters ... 
2026-08-23 20:53:57,620 1 INFO ci_test_db odoo.addons.base.models.ir_attachment: filestore gc 2 checked, 2 removed 
2026-08-23 20:53:57,621 1 INFO ci_test_db odoo.addons.school_management.tests.test_class_schedule: Starting TestClassSchedule.test_back_to_back_slot_is_allowed ... 
2026-08-23 20:53:58,053 1 INFO ci_test_db odoo.addons.auth_signup.models.res_users: Signup email sent for user <test.teacher.one@test.invalid> to <test.teacher.one@test.invalid> 
2026-08-23 20:53:58,124 1 INFO ci_test_db odoo.addons.auth_signup.models.res_users: Password reset email sent for user <test.teacher.one@test.invalid> to <test.teacher.one@test.invalid> 
2026-08-23 20:53:58,346 1 INFO ci_test_db odoo.addons.school_management.tests.test_class_schedule: Starting TestClassSchedule.test_cancelled_slot_frees_the_room ... 
2026-08-23 20:53:58,891 1 INFO ci_test_db odoo.addons.auth_signup.models.res_users: Signup email sent for user <test.teacher.one@test.invalid> to <test.teacher.one@test.invalid> 
2026-08-23 20:53:58,994 1 INFO ci_test_db odoo.addons.auth_signup.models.res_users: Password reset email sent for user <test.teacher.one@test.invalid> to <test.teacher.one@test.invalid> 
2026-08-23 20:53:59,301 1 INFO ci_test_db odoo.addons.school_management.tests.test_class_schedule: Starting TestClassSchedule.test_class_only_conflict_is_blocked ... 
2026-08-23 20:53:59,735 1 INFO ci_test_db odoo.addons.auth_signup.models.res_users: Signup email sent for user <test.teacher.one@test.invalid> to <test.teacher.one@test.invalid> 
2026-08-23 20:53:59,818 1 INFO ci_test_db odoo.addons.auth_signup.models.res_users: Password reset email sent for user <test.teacher.one@test.invalid> to <test.teacher.one@test.invalid> 
2026-08-23 20:54:00,291 1 INFO ci_test_db odoo.addons.auth_signup.models.res_users: Signup email sent for user <test.teacher.three@test.invalid> to <test.teacher.three@test.invalid> 
2026-08-23 20:54:00,328 1 INFO ci_test_db odoo.addons.auth_signup.models.res_users: Password reset email sent for user <test.teacher.three@test.invalid> to <test.teacher.three@test.invalid> 
2026-08-23 20:54:00,435 1 INFO ci_test_db odoo.addons.school_management.tests.test_class_schedule: Starting TestClassSchedule.test_inactive_teacher_cannot_be_published ... 
2026-08-23 20:54:00,833 1 INFO ci_test_db odoo.addons.auth_signup.models.res_users: Signup email sent for user <test.teacher.one@test.invalid> to <test.teacher.one@test.invalid> 
2026-08-23 20:54:00,897 1 INFO ci_test_db odoo.addons.auth_signup.models.res_users: Password reset email sent for user <test.teacher.one@test.invalid> to <test.teacher.one@test.invalid> 
2026-08-23 20:54:01,081 1 INFO ci_test_db odoo.addons.school_management.tests.test_class_schedule: Starting TestClassSchedule.test_overlapping_slot_is_blocked ... 
2026-08-23 20:54:01,855 1 INFO ci_test_db odoo.addons.auth_signup.models.res_users: Signup email sent for user <test.teacher.one@test.invalid> to <test.teacher.one@test.invalid> 
2026-08-23 20:54:01,927 1 INFO ci_test_db odoo.addons.auth_signup.models.res_users: Password reset email sent for user <test.teacher.one@test.invalid> to <test.teacher.one@test.invalid> 
2026-08-23 20:54:02,102 1 INFO ci_test_db odoo.addons.school_management.tests.test_class_schedule: Starting TestClassSchedule.test_program_audience_needs_values ... 
2026-08-23 20:54:02,809 1 INFO ci_test_db odoo.addons.auth_signup.models.res_users: Signup email sent for user <test.teacher.one@test.invalid> to <test.teacher.one@test.invalid> 
2026-08-23 20:54:02,874 1 INFO ci_test_db odoo.addons.auth_signup.models.res_users: Password reset email sent for user <test.teacher.one@test.invalid> to <test.teacher.one@test.invalid> 
2026-08-23 20:54:03,133 1 INFO ci_test_db odoo.addons.school_management.tests.test_class_schedule: Starting TestClassSchedule.test_reschedule_requires_a_reason ... 
2026-08-23 20:54:03,513 1 INFO ci_test_db odoo.addons.auth_signup.models.res_users: Signup email sent for user <test.teacher.one@test.invalid> to <test.teacher.one@test.invalid> 
2026-08-23 20:54:03,576 1 INFO ci_test_db odoo.addons.auth_signup.models.res_users: Password reset email sent for user <test.teacher.one@test.invalid> to <test.teacher.one@test.invalid> 
2026-08-23 20:54:03,767 1 INFO ci_test_db odoo.addons.school_management.tests.test_class_schedule: Starting TestClassSchedule.test_room_only_conflict_is_blocked ... 
2026-08-23 20:54:04,604 1 INFO ci_test_db odoo.addons.auth_signup.models.res_users: Signup email sent for user <test.teacher.one@test.invalid> to <test.teacher.one@test.invalid> 
2026-08-23 20:54:04,687 1 INFO ci_test_db odoo.addons.auth_signup.models.res_users: Password reset email sent for user <test.teacher.one@test.invalid> to <test.teacher.one@test.invalid> 
2026-08-23 20:54:05,168 1 INFO ci_test_db odoo.addons.auth_signup.models.res_users: Signup email sent for user <test.teacher.four@test.invalid> to <test.teacher.four@test.invalid> 
2026-08-23 20:54:05,207 1 INFO ci_test_db odoo.addons.auth_signup.models.res_users: Password reset email sent for user <test.teacher.four@test.invalid> to <test.teacher.four@test.invalid> 
2026-08-23 20:54:05,359 1 INFO ci_test_db odoo.addons.school_management.tests.test_class_schedule: Starting TestClassSchedule.test_same_weekday_in_other_term_is_allowed ... 
2026-08-23 20:54:06,018 1 INFO ci_test_db odoo.addons.auth_signup.models.res_users: Signup email sent for user <test.teacher.one@test.invalid> to <test.teacher.one@test.invalid> 
2026-08-23 20:54:06,099 1 INFO ci_test_db odoo.addons.auth_signup.models.res_users: Password reset email sent for user <test.teacher.one@test.invalid> to <test.teacher.one@test.invalid> 
2026-08-23 20:54:06,427 1 INFO ci_test_db odoo.addons.school_management.tests.test_class_schedule: Starting TestClassSchedule.test_slot_needs_a_weekday ... 
2026-08-23 20:54:07,094 1 INFO ci_test_db odoo.addons.auth_signup.models.res_users: Signup email sent for user <test.teacher.one@test.invalid> to <test.teacher.one@test.invalid> 
2026-08-23 20:54:07,155 1 INFO ci_test_db odoo.addons.auth_signup.models.res_users: Password reset email sent for user <test.teacher.one@test.invalid> to <test.teacher.one@test.invalid> 
2026-08-23 20:54:07,346 1 ERROR ci_test_db odoo.sql_db: bad query: b'INSERT INTO "school_class_schedule" ("active", "class_id", "create_date", "create_uid", "day_of_week", "end_time", "room_id", "schedule_type", "start_time", "state", "subject_id", "teacher_assignment_id", "teacher_id", "term_id", "write_date", "write_uid") VALUES (true, 2222, \'2026-08-23T20:53:57.622243\'::timestamp, 1, NULL, 9.0, 295, \'regular\', 8.0, \'draft\', 1927, 1242, 1351, 851, \'2026-08-23T20:53:57.622243\'::timestamp, 1) RETURNING "id"'
ERROR: null value in column "day_of_week" of relation "school_class_schedule" violates not-null constraint
DETAIL:  Failing row contains (402, 2222, null, 851, 1242, 1927, 1351, 295, 1, 1, null, regular, draft, null, null, t, 2026-08-23 20:53:57.622243, 2026-08-23 20:53:57.622243, 8, 9).
 
2026-08-23 20:54:07,349 1 INFO ci_test_db odoo.addons.school_management.tests.test_class_schedule: Starting TestClassSchedule.test_teacher_only_conflict_is_blocked ... 
2026-08-23 20:54:08,186 1 INFO ci_test_db odoo.addons.auth_signup.models.res_users: Signup email sent for user <test.teacher.one@test.invalid> to <test.teacher.one@test.invalid> 
2026-08-23 20:54:08,274 1 INFO ci_test_db odoo.addons.auth_signup.models.res_users: Password reset email sent for user <test.teacher.one@test.invalid> to <test.teacher.one@test.invalid> 
2026-08-23 20:54:08,589 1 INFO ci_test_db odoo.addons.school_management.tests.test_class_schedule: Starting TestClassSchedule.test_teacher_without_assignment_is_blocked ... 
2026-08-23 20:54:09,045 1 INFO ci_test_db odoo.addons.auth_signup.models.res_users: Signup email sent for user <test.teacher.one@test.invalid> to <test.teacher.one@test.invalid> 
2026-08-23 20:54:09,115 1 INFO ci_test_db odoo.addons.auth_signup.models.res_users: Password reset email sent for user <test.teacher.one@test.invalid> to <test.teacher.one@test.invalid> 
2026-08-23 20:54:09,502 1 INFO ci_test_db odoo.addons.auth_signup.models.res_users: Signup email sent for user <test.teacher.two@test.invalid> to <test.teacher.two@test.invalid> 
2026-08-23 20:54:09,546 1 INFO ci_test_db odoo.addons.auth_signup.models.res_users: Password reset email sent for user <test.teacher.two@test.invalid> to <test.teacher.two@test.invalid> 
2026-08-23 20:54:09,824 1 INFO ci_test_db odoo.addons.base.models.ir_attachment: filestore gc 4 checked, 4 removed 
2026-08-23 20:54:09,826 1 INFO ci_test_db odoo.addons.school_management.tests.test_curriculum: Starting TestCurriculum.test_activation_derives_compulsory_only ... 
2026-08-23 20:54:10,187 1 INFO ci_test_db odoo.addons.school_management.tests.test_curriculum: Starting TestCurriculum.test_derivation_is_idempotent ... 
2026-08-23 20:54:10,472 1 INFO ci_test_db odoo.addons.school_management.tests.test_curriculum: Starting TestCurriculum.test_duplicate_subject_enrollment_blocked ... 
2026-08-23 20:54:10,784 1 ERROR ci_test_db odoo.sql_db: bad query: b'INSERT INTO "school_student_subject" ("create_date", "create_uid", "date_start", "enrollment_id", "grade_subject_id", "state", "write_date", "write_uid") VALUES (\'2026-08-23T20:54:09.827099\'::timestamp, 1, \'2026-08-23\'::date, 1169, 1270, \'enrolled\', \'2026-08-23T20:54:09.827099\'::timestamp, 1) RETURNING "id"'
ERROR: duplicate key value violates unique constraint "school_student_subject_enrollment_subject_unique"
DETAIL:  Key (enrollment_id, grade_subject_id)=(1169, 1270) already exists.
 
2026-08-23 20:54:10,789 1 INFO ci_test_db odoo.addons.school_management.tests.test_curriculum: Starting TestCurriculum.test_new_compulsory_reaches_enrolled_students ... 
2026-08-23 20:54:11,062 1 INFO ci_test_db odoo.addons.school_management.tests.test_curriculum: Starting TestCurriculum.test_off_curriculum_subject_refused ... 
2026-08-23 20:54:11,388 1 INFO ci_test_db odoo.addons.school_management.tests.test_curriculum: Starting TestCurriculum.test_optional_added_manually ... 
2026-08-23 20:54:11,635 1 INFO ci_test_db odoo.addons.school_management.tests.test_curriculum: Starting TestCurriculum.test_stream_specific_curriculum_is_only_for_grades_eleven_and_twelve ... 
2026-08-23 20:54:11,919 1 INFO ci_test_db odoo.addons.base.models.ir_attachment: filestore gc 1 checked, 1 removed 
2026-08-23 20:54:11,921 1 INFO ci_test_db odoo.addons.school_management.tests.test_demo_seed: Starting TestDemoSeed.test_seed_is_complete_and_idempotent ... 
2026-08-23 20:54:13,145 1 INFO ci_test_db odoo.addons.auth_signup.models.res_users: Signup email sent for user <srs.demo.math@example.invalid> to <srs.demo.math@example.invalid> 
2026-08-23 20:54:13,253 1 INFO ci_test_db odoo.addons.auth_signup.models.res_users: Password reset email sent for user <srs.demo.math@example.invalid> to <srs.demo.math@example.invalid> 
2026-08-23 20:54:13,650 1 INFO ci_test_db odoo.addons.auth_signup.models.res_users: Signup email sent for user <srs.demo.science@example.invalid> to <srs.demo.science@example.invalid> 
2026-08-23 20:54:13,705 1 INFO ci_test_db odoo.addons.auth_signup.models.res_users: Password reset email sent for user <srs.demo.science@example.invalid> to <srs.demo.science@example.invalid> 
2026-08-23 20:54:14,121 1 INFO ci_test_db odoo.addons.auth_signup.models.res_users: Signup email sent for user <srs.demo.language@example.invalid> to <srs.demo.language@example.invalid> 
2026-08-23 20:54:14,194 1 INFO ci_test_db odoo.addons.auth_signup.models.res_users: Password reset email sent for user <srs.demo.language@example.invalid> to <srs.demo.language@example.invalid> 
2026-08-23 20:54:15,986 1 INFO ci_test_db odoo.addons.school_management.tests.test_demo_seed: Starting TestDemoSeed.test_seed_requires_system_administrator ... 
2026-08-23 20:54:16,399 1 INFO ci_test_db odoo.addons.base.models.ir_attachment: filestore gc 7 checked, 7 removed 
2026-08-23 20:54:16,400 1 INFO ci_test_db odoo.addons.school_management.tests.test_enrollment: Starting TestEnrollment.test_active_enrollment_syncs_student_class ... 
2026-08-23 20:54:16,568 1 INFO ci_test_db odoo.addons.school_management.tests.test_enrollment: Starting TestEnrollment.test_approval_creates_active_enrollment ... 
2026-08-23 20:54:16,685 1 INFO ci_test_db odoo.addons.school_management.tests.test_enrollment: Starting TestEnrollment.test_capacity_blocks_activation ... 
2026-08-23 20:54:17,033 1 INFO ci_test_db odoo.addons.school_management.tests.test_enrollment: Starting TestEnrollment.test_duplicate_active_enrollment_blocked ... 
2026-08-23 20:54:17,270 1 INFO ci_test_db odoo.addons.school_management.tests.test_enrollment: Starting TestEnrollment.test_duplicate_roll_blocked ... 
2026-08-23 20:54:17,603 1 INFO ci_test_db odoo.addons.school_management.tests.test_enrollment: Starting TestEnrollment.test_history_cannot_be_deleted ... 
2026-08-23 20:54:17,722 1 INFO ci_test_db odoo.addons.school_management.tests.test_enrollment: Starting TestEnrollment.test_registration_class_must_belong_to_selected_year ... 
2026-08-23 20:54:17,762 1 INFO ci_test_db odoo.addons.school_management.tests.test_enrollment: Starting TestEnrollment.test_rolls_are_sequential_per_class ... 
2026-08-23 20:54:17,984 1 INFO ci_test_db odoo.addons.school_management.tests.test_enrollment: Starting TestEnrollment.test_withdraw_sets_end_date ... 
2026-08-23 20:54:18,290 1 INFO ci_test_db odoo.addons.base.models.ir_attachment: filestore gc 1 checked, 1 removed 
2026-08-23 20:54:18,291 1 INFO ci_test_db odoo.addons.school_management.tests.test_guardian: Starting TestGuardian.test_approval_creates_primary_guardian ... 
2026-08-23 20:54:18,453 1 INFO ci_test_db odoo.addons.school_management.tests.test_guardian: Starting TestGuardian.test_duplicate_link_blocked ... 
2026-08-23 20:54:18,643 1 ERROR ci_test_db odoo.sql_db: bad query: b'INSERT INTO "school_student_guardian" ("create_date", "create_uid", "partner_id", "relationship", "student_id", "write_date", "write_uid") VALUES (\'2026-08-23T20:54:18.292017\'::timestamp, 1, 4769, \'guardian\', 1478, \'2026-08-23T20:54:18.292017\'::timestamp, 1) RETURNING "id"'
ERROR: duplicate key value violates unique constraint "school_student_guardian_student_partner_unique"
DETAIL:  Key (student_id, partner_id)=(1478, 4769) already exists.
 
2026-08-23 20:54:18,645 1 INFO ci_test_db odoo.addons.school_management.tests.test_guardian: Starting TestGuardian.test_primary_change_syncs_intake_chars ... 
2026-08-23 20:54:18,887 1 INFO ci_test_db odoo.addons.school_management.tests.test_guardian: Starting TestGuardian.test_registrar_can_approve_and_create_contact ... 
2026-08-23 20:54:19,553 1 INFO ci_test_db odoo.addons.school_management.tests.test_guardian: Starting TestGuardian.test_second_primary_blocked ... 
2026-08-23 20:54:19,740 1 INFO ci_test_db odoo.addons.school_management.tests.test_guardian: Starting TestGuardian.test_siblings_share_one_contact ... 
2026-08-23 20:54:20,193 1 INFO ci_test_db odoo.addons.base.models.ir_attachment: filestore gc 2 checked, 2 removed 
2026-08-23 20:54:20,195 1 INFO ci_test_db odoo.addons.school_management.tests.test_odoo19_ui_access: Starting TestOdoo19UiAccess.test_assessment_form_guides_scope_and_uses_full_width ... 
2026-08-23 20:54:20,200 1 INFO ci_test_db odoo.addons.school_management.tests.test_odoo19_ui_access: Starting TestOdoo19UiAccess.test_curriculum_uses_a_scoped_explicit_form ... 
2026-08-23 20:54:20,208 1 INFO ci_test_db odoo.addons.school_management.tests.test_odoo19_ui_access: Starting TestOdoo19UiAccess.test_dependent_academic_pickers_are_scoped ... 
2026-08-23 20:54:20,221 1 INFO ci_test_db odoo.addons.school_management.tests.test_odoo19_ui_access: Starting TestOdoo19UiAccess.test_empty_teacher_list_explains_staff_prerequisites ... 
2026-08-23 20:54:20,227 1 INFO ci_test_db odoo.addons.school_management.tests.test_odoo19_ui_access: Starting TestOdoo19UiAccess.test_grading_scheme_form_has_explicit_activation_workflow ... 
2026-08-23 20:54:20,231 1 INFO ci_test_db odoo.addons.school_management.tests.test_odoo19_ui_access: Starting TestOdoo19UiAccess.test_mail_thread_forms_use_odoo19_chatter_element ... 
2026-08-23 20:54:20,252 1 INFO ci_test_db odoo.addons.school_management.tests.test_odoo19_ui_access: Starting TestOdoo19UiAccess.test_mark_entry_opens_the_assessment_workflow ... 
2026-08-23 20:54:20,258 1 INFO ci_test_db odoo.addons.school_management.tests.test_odoo19_ui_access: Starting TestOdoo19UiAccess.test_marks_are_generated_roster_rows_not_manual_records ... 
2026-08-23 20:54:20,265 1 INFO ci_test_db odoo.addons.school_management.tests.test_odoo19_ui_access: Starting TestOdoo19UiAccess.test_report_cards_are_generated_not_manually_created ... 
2026-08-23 20:54:20,275 1 INFO ci_test_db odoo.addons.school_management.tests.test_odoo19_ui_access: Starting TestOdoo19UiAccess.test_school_administrator_and_registrar_can_create_master_data ... 
2026-08-23 20:54:20,515 1 INFO ci_test_db odoo.addons.school_management.tests.test_odoo19_ui_access: Starting TestOdoo19UiAccess.test_staff_form_guides_job_title_and_uses_full_width ... 
2026-08-23 20:54:20,524 1 INFO ci_test_db odoo.addons.school_management.tests.test_odoo19_ui_access: Starting TestOdoo19UiAccess.test_teacher_assignment_dates_come_from_term_not_user_input ... 
2026-08-23 20:54:20,530 1 INFO ci_test_db odoo.addons.school_management.tests.test_odoo19_ui_access: Starting TestOdoo19UiAccess.test_teacher_form_keeps_chatter_below_full_width_content ... 
2026-08-23 20:54:20,773 1 INFO ci_test_db odoo.addons.base.models.ir_attachment: filestore gc 1 checked, 1 removed 
2026-08-23 20:54:20,774 1 INFO ci_test_db odoo.addons.school_management.tests.test_responsibility: Starting TestResponsibilityAndStaffControl.test_campus_targeted_announcement_respects_the_staff_campus ... 
2026-08-23 20:54:21,321 1 INFO ci_test_db odoo.addons.school_management.tests.test_responsibility: Starting TestResponsibilityAndStaffControl.test_creating_assignment_uses_term_dates ... 
2026-08-23 20:54:22,325 1 INFO ci_test_db odoo.addons.auth_signup.models.res_users: Signup email sent for user <resp.teacher.one.0@test.invalid> to <resp.teacher.one.0@test.invalid> 
2026-08-23 20:54:22,476 1 INFO ci_test_db odoo.addons.auth_signup.models.res_users: Password reset email sent for user <resp.teacher.one.0@test.invalid> to <resp.teacher.one.0@test.invalid> 
2026-08-23 20:54:22,733 1 INFO ci_test_db odoo.addons.school_management.tests.test_responsibility: Starting TestResponsibilityAndStaffControl.test_deactivating_staff_disables_the_linked_login ... 
2026-08-23 20:54:23,315 1 INFO ci_test_db odoo.models.unlink: User #1 deleted discuss.channel.member records with IDs: [2463] 
2026-08-23 20:54:23,359 1 INFO ci_test_db odoo.addons.school_management.tests.test_responsibility: Starting TestResponsibilityAndStaffControl.test_deactivating_staff_inactivates_teacher_profile ... 
2026-08-23 20:54:24,068 1 INFO ci_test_db odoo.addons.auth_signup.models.res_users: Signup email sent for user <resp.teacher.one.0@test.invalid> to <resp.teacher.one.0@test.invalid> 
2026-08-23 20:54:24,157 1 INFO ci_test_db odoo.addons.auth_signup.models.res_users: Password reset email sent for user <resp.teacher.one.0@test.invalid> to <resp.teacher.one.0@test.invalid> 
2026-08-23 20:54:24,218 1 INFO ci_test_db odoo.models.unlink: User #1 deleted discuss.channel.member records with IDs: [2464] 
2026-08-23 20:54:24,303 1 INFO ci_test_db odoo.addons.school_management.tests.test_responsibility: Starting TestResponsibilityAndStaffControl.test_duplicate_teacher_profile_rejected ... 
2026-08-23 20:54:25,016 1 INFO ci_test_db odoo.addons.auth_signup.models.res_users: Signup email sent for user <resp.teacher.one.0@test.invalid> to <resp.teacher.one.0@test.invalid> 
2026-08-23 20:54:25,071 1 INFO ci_test_db odoo.addons.auth_signup.models.res_users: Password reset email sent for user <resp.teacher.one.0@test.invalid> to <resp.teacher.one.0@test.invalid> 
2026-08-23 20:54:25,093 1 ERROR ci_test_db odoo.sql_db: bad query: b'INSERT INTO "school_teacher" ("active", "create_date", "create_uid", "staff_id", "teacher_id", "teaching_status", "write_date", "write_uid") VALUES (true, \'2026-08-23T20:54:20.775283\'::timestamp, 1, 2405, \'TCH01361\', \'active\', \'2026-08-23T20:54:20.775283\'::timestamp, 1) RETURNING "id"'
ERROR: duplicate key value violates unique constraint "school_teacher_staff_id_unique"
DETAIL:  Key (staff_id)=(2405) already exists.
 
2026-08-23 20:54:25,095 1 INFO ci_test_db odoo.addons.school_management.tests.test_responsibility: Starting TestResponsibilityAndStaffControl.test_only_one_homeroom_teacher_per_class_and_term ... 
2026-08-23 20:54:26,003 1 INFO ci_test_db odoo.addons.auth_signup.models.res_users: Signup email sent for user <resp.teacher.one.0@test.invalid> to <resp.teacher.one.0@test.invalid> 
2026-08-23 20:54:26,172 1 INFO ci_test_db odoo.addons.auth_signup.models.res_users: Password reset email sent for user <resp.teacher.one.0@test.invalid> to <resp.teacher.one.0@test.invalid> 
2026-08-23 20:54:27,078 1 INFO ci_test_db odoo.addons.auth_signup.models.res_users: Signup email sent for user <resp.teacher.two.1@test.invalid> to <resp.teacher.two.1@test.invalid> 
2026-08-23 20:54:27,156 1 INFO ci_test_db odoo.addons.auth_signup.models.res_users: Password reset email sent for user <resp.teacher.two.1@test.invalid> to <resp.teacher.two.1@test.invalid> 
2026-08-23 20:54:27,202 1 INFO ci_test_db odoo.addons.school_management.tests.test_responsibility: Starting TestResponsibilityAndStaffControl.test_only_one_primary_responsibility_per_staff ... 
2026-08-23 20:54:27,293 1 INFO ci_test_db odoo.addons.school_management.tests.test_responsibility: Starting TestResponsibilityAndStaffControl.test_primary_responsibility_surfaces_on_the_staff_record ... 
2026-08-23 20:54:27,363 1 INFO ci_test_db odoo.addons.school_management.tests.test_responsibility: Starting TestResponsibilityAndStaffControl.test_registrar_sees_responsibility_targeted_announcement ... 
2026-08-23 20:54:27,905 1 INFO ci_test_db odoo.addons.school_management.tests.test_responsibility: Starting TestResponsibilityAndStaffControl.test_rename_reaches_the_assignment_label ... 
2026-08-23 20:54:28,663 1 INFO ci_test_db odoo.addons.auth_signup.models.res_users: Signup email sent for user <resp.teacher.one.0@test.invalid> to <resp.teacher.one.0@test.invalid> 
2026-08-23 20:54:28,743 1 INFO ci_test_db odoo.addons.auth_signup.models.res_users: Password reset email sent for user <resp.teacher.one.0@test.invalid> to <resp.teacher.one.0@test.invalid> 
2026-08-23 20:54:29,022 1 INFO ci_test_db odoo.addons.school_management.tests.test_responsibility: Starting TestResponsibilityAndStaffControl.test_renaming_staff_renames_the_teacher ... 
2026-08-23 20:54:29,785 1 INFO ci_test_db odoo.addons.auth_signup.models.res_users: Signup email sent for user <resp.teacher.one.0@test.invalid> to <resp.teacher.one.0@test.invalid> 
2026-08-23 20:54:29,847 1 INFO ci_test_db odoo.addons.auth_signup.models.res_users: Password reset email sent for user <resp.teacher.one.0@test.invalid> to <resp.teacher.one.0@test.invalid> 
2026-08-23 20:54:29,861 1 INFO ci_test_db odoo.addons.school_management.tests.test_responsibility: Starting TestResponsibilityAndStaffControl.test_selecting_assignment_term_uses_term_dates ... 
2026-08-23 20:54:29,934 1 INFO ci_test_db odoo.addons.school_management.tests.test_responsibility: Starting TestResponsibilityAndStaffControl.test_staff_activates_once_requirements_are_met ... 
2026-08-23 20:54:30,263 1 INFO ci_test_db odoo.addons.school_management.tests.test_responsibility: Starting TestResponsibilityAndStaffControl.test_staff_cannot_leave_draft_without_a_birth_date ... 
2026-08-23 20:54:30,626 1 INFO ci_test_db odoo.addons.school_management.tests.test_responsibility: Starting TestResponsibilityAndStaffControl.test_staff_cannot_leave_draft_without_a_phone ... 
2026-08-23 20:54:30,961 1 INFO ci_test_db odoo.addons.school_management.tests.test_responsibility: Starting TestResponsibilityAndStaffControl.test_staff_cannot_leave_draft_without_a_responsibility ... 
2026-08-23 20:54:31,307 1 INFO ci_test_db odoo.addons.school_management.tests.test_responsibility: Starting TestResponsibilityAndStaffControl.test_staff_cannot_report_to_themselves ... 
2026-08-23 20:54:31,412 1 INFO ci_test_db odoo.addons.school_management.tests.test_responsibility: Starting TestResponsibilityAndStaffControl.test_suspended_staff_cannot_take_a_new_assignment ... 
2026-08-23 20:54:31,932 1 INFO ci_test_db odoo.addons.auth_signup.models.res_users: Signup email sent for user <resp.teacher.one.0@test.invalid> to <resp.teacher.one.0@test.invalid> 
2026-08-23 20:54:32,011 1 INFO ci_test_db odoo.addons.auth_signup.models.res_users: Password reset email sent for user <resp.teacher.one.0@test.invalid> to <resp.teacher.one.0@test.invalid> 
2026-08-23 20:54:32,075 1 INFO ci_test_db odoo.addons.school_management.tests.test_responsibility: Starting TestResponsibilityAndStaffControl.test_suspension_is_what_blocks_an_assignment_running_today ... 
2026-08-23 20:54:32,676 1 INFO ci_test_db odoo.addons.auth_signup.models.res_users: Signup email sent for user <resp.teacher.one.0@test.invalid> to <resp.teacher.one.0@test.invalid> 
2026-08-23 20:54:32,728 1 INFO ci_test_db odoo.addons.auth_signup.models.res_users: Password reset email sent for user <resp.teacher.one.0@test.invalid> to <resp.teacher.one.0@test.invalid> 
2026-08-23 20:54:32,869 1 INFO ci_test_db odoo.addons.school_management.tests.test_responsibility: Starting TestResponsibilityAndStaffControl.test_teacher_profile_requires_active_staff ... 
2026-08-23 20:54:33,102 1 INFO ci_test_db odoo.addons.base.models.ir_attachment: filestore gc 5 checked, 5 removed 
2026-08-23 20:54:33,105 1 INFO ci_test_db odoo.addons.school_management.tests.test_security: Starting TestSchoolSecurity.test_a_teacher_can_open_a_staff_record_without_an_access_error ... 
2026-08-23 20:54:35,289 1 INFO ci_test_db odoo.addons.school_management.tests.test_security: Starting TestSchoolSecurity.test_all_staff_announcement_is_visible ... 
2026-08-23 20:54:36,701 1 INFO ci_test_db odoo.addons.school_management.tests.test_security: Starting TestSchoolSecurity.test_announcement_for_another_class_is_hidden ... 
2026-08-23 20:54:37,928 1 INFO ci_test_db odoo.addons.school_management.tests.test_security: Starting TestSchoolSecurity.test_announcement_for_own_class_is_visible ... 
2026-08-23 20:54:38,833 1 INFO ci_test_db odoo.addons.school_management.tests.test_security: Starting TestSchoolSecurity.test_draft_announcement_is_hidden_from_the_audience ... 
2026-08-23 20:54:39,714 1 INFO ci_test_db odoo.addons.school_management.tests.test_security: Starting TestSchoolSecurity.test_expired_announcement_is_hidden ... 
2026-08-23 20:54:40,755 1 INFO ci_test_db odoo.addons.school_management.tests.test_security: Starting TestSchoolSecurity.test_plain_staff_sees_only_their_own_staff_record ... 
2026-08-23 20:54:42,757 1 INFO ci_test_db odoo.addons.school_management.tests.test_security: Starting TestSchoolSecurity.test_registrar_can_carry_a_staff_member_from_new_to_active ... 
2026-08-23 20:54:44,773 1 INFO ci_test_db odoo.addons.school_management.tests.test_security: Starting TestSchoolSecurity.test_registrar_can_read_the_master_data_the_staff_form_shows ... 
2026-08-23 20:54:46,506 1 INFO ci_test_db odoo.addons.school_management.tests.test_security: Starting TestSchoolSecurity.test_staff_documents_are_private_to_the_registrar ... 
2026-08-23 20:54:48,168 1 INFO ci_test_db odoo.models: Access Denied by ACLs for operation: read, uid: 2494, model: school.staff, field: id_document 
2026-08-23 20:54:48,177 1 INFO ci_test_db odoo.addons.school_management.tests.test_security: Starting TestSchoolSecurity.test_subject_targeted_announcement_respects_taught_subjects ... 
2026-08-23 20:54:49,600 1 INFO ci_test_db odoo.addons.school_management.tests.test_security: Starting TestSchoolSecurity.test_teacher_sees_attendance_only_for_assigned_classes ... 
2026-08-23 20:54:51,170 1 INFO ci_test_db odoo.addons.school_management.tests.test_security: Starting TestSchoolSecurity.test_teacher_sees_marks_only_for_assigned_class_and_subject ... 
2026-08-23 20:54:52,372 1 INFO ci_test_db odoo.addons.school_management.tests.test_security: Starting TestSchoolSecurity.test_teacher_sees_own_draft_schedule_but_not_another_teachers ... 
2026-08-23 20:54:53,196 1 INFO ci_test_db odoo.addons.school_management.tests.test_security: Starting TestSchoolSecurity.test_teacher_sees_students_only_for_assigned_classes ... 
2026-08-23 20:54:54,577 1 INFO ci_test_db odoo.addons.base.models.ir_attachment: filestore gc 6 checked, 6 removed 
2026-08-23 20:54:54,579 1 INFO ci_test_db odoo.addons.school_management.tests.test_staff_registration: Starting TestStaffEmailUniqueness.test_a_named_address_does_not_slip_past_the_check ... 
2026-08-23 20:54:54,655 1 INFO ci_test_db odoo.addons.school_management.tests.test_staff_registration: Starting TestStaffEmailUniqueness.test_a_record_does_not_collide_with_itself ... 
2026-08-23 20:54:54,696 1 INFO ci_test_db odoo.addons.school_management.tests.test_staff_registration: Starting TestStaffEmailUniqueness.test_an_unusable_address_is_still_rejected ... 
2026-08-23 20:54:54,712 1 INFO ci_test_db odoo.addons.school_management.tests.test_staff_registration: Starting TestStaffEmailUniqueness.test_archived_staff_keeps_holding_its_address ... 
2026-08-23 20:54:54,786 1 INFO ci_test_db odoo.addons.school_management.tests.test_staff_registration: Starting TestStaffEmailUniqueness.test_duplicate_email_is_rejected ... 
2026-08-23 20:54:54,852 1 INFO ci_test_db odoo.addons.school_management.tests.test_staff_registration: Starting TestStaffEmailUniqueness.test_duplicate_email_is_rejected_whatever_the_case ... 
2026-08-23 20:54:54,925 1 INFO ci_test_db odoo.addons.school_management.tests.test_staff_registration: Starting TestStaffEmailUniqueness.test_moving_an_address_onto_a_taken_one_is_rejected ... 
2026-08-23 20:54:55,010 1 INFO ci_test_db odoo.addons.school_management.tests.test_staff_registration: Starting TestStaffEmailUniqueness.test_staff_without_an_address_do_not_collide ... 
2026-08-23 20:54:55,080 1 INFO ci_test_db odoo.addons.school_management.tests.test_staff_registration: Starting TestStaffEmailUniqueness.test_the_stored_address_is_normalized ... 
2026-08-23 20:54:55,138 1 INFO ci_test_db odoo.addons.school_management.tests.test_staff_registration: Starting TestStaffEmailUniqueness.test_underscore_is_not_read_as_a_wildcard ... 
2026-08-23 20:54:55,425 1 INFO ci_test_db odoo.addons.base.models.ir_attachment: filestore gc 0 checked, 0 removed 
2026-08-23 20:54:55,426 1 INFO ci_test_db odoo.addons.school_management.tests.test_staff_registration: Starting TestStaffPhoneUniqueness.test_a_different_number_is_accepted ... 
2026-08-23 20:54:55,544 1 INFO ci_test_db odoo.addons.school_management.tests.test_staff_registration: Starting TestStaffPhoneUniqueness.test_a_record_does_not_collide_with_itself ... 
2026-08-23 20:54:55,600 1 INFO ci_test_db odoo.addons.school_management.tests.test_staff_registration: Starting TestStaffPhoneUniqueness.test_an_archived_staff_member_releases_its_number ... 
2026-08-23 20:54:55,679 1 INFO ci_test_db odoo.addons.school_management.tests.test_staff_registration: Starting TestStaffPhoneUniqueness.test_duplicate_number_is_rejected ... 
2026-08-23 20:54:55,755 1 INFO ci_test_db odoo.addons.school_management.tests.test_staff_registration: Starting TestStaffPhoneUniqueness.test_moving_a_number_onto_a_taken_one_is_rejected ... 
2026-08-23 20:54:55,843 1 INFO ci_test_db odoo.addons.school_management.tests.test_staff_registration: Starting TestStaffPhoneUniqueness.test_staff_without_a_number_do_not_collide ... 
2026-08-23 20:54:55,917 1 INFO ci_test_db odoo.addons.school_management.tests.test_staff_registration: Starting TestStaffPhoneUniqueness.test_the_same_number_typed_differently_is_still_a_duplicate ... 
2026-08-23 20:54:56,220 1 INFO ci_test_db odoo.addons.base.models.ir_attachment: filestore gc 0 checked, 0 removed 
2026-08-23 20:54:56,221 1 INFO ci_test_db odoo.addons.school_management.tests.test_staff_registration: Starting TestStaffAge.test_a_birth_date_in_the_future_is_still_rejected ... 
2026-08-23 20:54:56,271 1 INFO ci_test_db odoo.addons.school_management.tests.test_staff_registration: Starting TestStaffAge.test_a_child_cannot_be_registered_as_staff ... 
2026-08-23 20:54:56,283 1 INFO ci_test_db odoo.addons.school_management.tests.test_staff_registration: Starting TestStaffAge.test_an_adult_is_accepted_and_their_age_is_shown ... 
2026-08-23 20:54:56,320 1 INFO ci_test_db odoo.addons.school_management.tests.test_staff_registration: Starting TestStaffAge.test_someone_just_under_eighteen_is_rejected ... 
2026-08-23 20:54:56,336 1 INFO ci_test_db odoo.addons.school_management.tests.test_staff_registration: Starting TestStaffAge.test_someone_who_turns_eighteen_today_is_accepted ... 
2026-08-23 20:54:56,392 1 INFO ci_test_db odoo.addons.school_management.tests.test_staff_registration: Starting TestStaffAge.test_staff_without_a_birth_date_keep_working ... 
2026-08-23 20:54:56,448 1 INFO ci_test_db odoo.addons.school_management.tests.test_staff_registration: Starting TestStaffAge.test_the_age_follows_a_corrected_birth_date ... 
2026-08-23 20:54:56,733 1 INFO ci_test_db odoo.addons.base.models.ir_attachment: filestore gc 0 checked, 0 removed 
2026-08-23 20:54:56,735 1 INFO ci_test_db odoo.addons.school_management.tests.test_staff_registration: Starting TestTeacherHireDate.test_a_staff_record_with_no_hire_date_leaves_the_teacher_empty ... 
2026-08-23 20:54:57,486 1 INFO ci_test_db odoo.addons.auth_signup.models.res_users: Signup email sent for user <hire.four@school.example> to <hire.four@school.example> 
2026-08-23 20:54:57,598 1 INFO ci_test_db odoo.addons.auth_signup.models.res_users: Password reset email sent for user <hire.four@school.example> to <hire.four@school.example> 
2026-08-23 20:54:57,615 1 INFO ci_test_db odoo.addons.school_management.tests.test_staff_registration: Starting TestTeacherHireDate.test_a_teacher_who_started_teaching_later_keeps_their_own_date ... 
2026-08-23 20:54:58,212 1 INFO ci_test_db odoo.addons.auth_signup.models.res_users: Signup email sent for user <hire.two@school.example> to <hire.two@school.example> 
2026-08-23 20:54:58,294 1 INFO ci_test_db odoo.addons.auth_signup.models.res_users: Password reset email sent for user <hire.two@school.example> to <hire.two@school.example> 
2026-08-23 20:54:58,308 1 INFO ci_test_db odoo.addons.school_management.tests.test_staff_registration: Starting TestTeacherHireDate.test_an_edited_teaching_start_date_is_not_overwritten ... 
2026-08-23 20:54:59,035 1 INFO ci_test_db odoo.addons.auth_signup.models.res_users: Signup email sent for user <hire.three@school.example> to <hire.three@school.example> 
2026-08-23 20:54:59,165 1 INFO ci_test_db odoo.addons.auth_signup.models.res_users: Password reset email sent for user <hire.three@school.example> to <hire.three@school.example> 
2026-08-23 20:54:59,191 1 INFO ci_test_db odoo.addons.school_management.tests.test_staff_registration: Starting TestTeacherHireDate.test_the_teacher_profile_starts_from_the_staff_hire_date ... 
2026-08-23 20:54:59,671 1 INFO ci_test_db odoo.addons.auth_signup.models.res_users: Signup email sent for user <hire.one@school.example> to <hire.one@school.example> 
2026-08-23 20:54:59,729 1 INFO ci_test_db odoo.addons.auth_signup.models.res_users: Password reset email sent for user <hire.one@school.example> to <hire.one@school.example> 
2026-08-23 20:54:59,909 1 INFO ci_test_db odoo.addons.base.models.ir_attachment: filestore gc 4 checked, 4 removed 
2026-08-23 20:54:59,910 1 INFO ci_test_db odoo.addons.school_management.tests.test_user_validation: Starting TestUserValidation.test_malformed_email_is_rejected ... 
2026-08-23 20:54:59,912 1 INFO ci_test_db odoo.addons.school_management.tests.test_user_validation: Starting TestUserValidation.test_strong_password_is_accepted ... 
2026-08-23 20:55:00,146 1 INFO ci_test_db odoo.addons.school_management.tests.test_user_validation: Starting TestUserValidation.test_username_login_without_email_is_accepted ... 
2026-08-23 20:55:00,328 1 INFO ci_test_db odoo.addons.school_management.tests.test_user_validation: Starting TestUserValidation.test_valid_email_is_accepted ... 
2026-08-23 20:55:00,779 1 INFO ci_test_db odoo.addons.auth_signup.models.res_users: Signup email sent for user <val_good_email> to <val@school.example> 
2026-08-23 20:55:00,794 1 INFO ci_test_db odoo.addons.school_management.tests.test_user_validation: Starting TestUserValidation.test_weak_password_is_rejected ... 
2026-08-23 20:55:01,008 1 INFO ci_test_db odoo.addons.base.models.ir_attachment: filestore gc 3 checked, 3 removed 
2026-08-23 20:55:01,009 1 INFO ci_test_db odoo.modules.loading: Module school_management loaded in 99.26s (incl. 92.08s test), 3398 queries (+40470 test, +3398 other) 
2026-08-23 20:55:01,009 1 ERROR ci_test_db odoo.modules.loading: Module school_management: 0 failures, 1 errors of 140 tests 
2026-08-23 20:55:01,009 1 INFO ci_test_db odoo.modules.loading: 52 modules loaded in 99.98s, 3398 queries (+43868 extra) 
2026-08-23 20:55:02,402 1 ERROR ci_test_db odoo.modules.loading: At least one test failed when loading the modules. 
2026-08-23 20:55:02,431 1 INFO ci_test_db odoo.registry: Registry changed, signaling through the database 
2026-08-23 20:55:02,436 1 INFO ci_test_db odoo.registry: Registry loaded in 106.689s 
2026-08-23 20:55:02,436 1 INFO ci_test_db odoo.service.server: Starting post tests 
2026-08-23 20:55:02,530 1 INFO ci_test_db odoo.addons.school_management.tests.test_srs_lifecycle: Starting TestSrsLifecycle.test_closed_year_is_read_only ... 
2026-08-23 20:55:02,579 1 INFO ci_test_db odoo.addons.school_management.tests.test_srs_lifecycle: ====================================================================== 
2026-08-23 20:55:02,579 1 ERROR ci_test_db odoo.addons.school_management.tests.test_srs_lifecycle: ERROR: TestSrsLifecycle.test_closed_year_is_read_only
Traceback (most recent call last):
  File "/mnt/extra-addons/school_management/tests/test_srs_lifecycle.py", line 80, in test_closed_year_is_read_only
    self.year.with_context(authorized_academic_correction=True).name = '2035/36'
    ^^^^^^^^^^^^^^^^^^^^^^^^^^^^^^^^^^^^^^^^^^^^^^^^^^^^^^^^^^^^^^^^
  File "/usr/lib/python3/dist-packages/odoo/orm/fields.py", line 1843, in __set__
    records.write({self.name: write_value})
  File "/mnt/extra-addons/school_management/models/school_academic_year.py", line 116, in write
    return super().write(vals)
           ^^^^^^^^^^^^^^^^^^^
  File "/usr/lib/python3/dist-packages/odoo/addons/mail/models/mail_thread.py", line 391, in write
    result = super().write(vals)
             ^^^^^^^^^^^^^^^^^^^
  File "/usr/lib/python3/dist-packages/odoo/orm/models.py", line 4491, in write
    real_recs._validate_fields(vals, inverse_fields)
  File "/usr/lib/python3/dist-packages/odoo/orm/models.py", line 1268, in _validate_fields
    check(records)
  File "/mnt/extra-addons/school_management/models/school_academic_year.py", line 74, in _check_name_matches_start_year
    raise ValidationError(
odoo.exceptions.ValidationError: Academic year name must be in the format YYYY/YYYY, for example 2026/2027.
 
2026-08-23 20:55:02,582 1 INFO ci_test_db odoo.addons.school_management.tests.test_srs_lifecycle: Starting TestSrsLifecycle.test_grade_eleven_accepts_a_stream ... 
2026-08-23 20:55:02,609 1 INFO ci_test_db odoo.addons.school_management.tests.test_srs_lifecycle: Starting TestSrsLifecycle.test_historical_student_cannot_be_deleted ... 
2026-08-23 20:55:02,684 1 INFO ci_test_db odoo.addons.school_management.tests.test_srs_lifecycle: Starting TestSrsLifecycle.test_one_enrollment_per_student_and_year_including_drafts ... 
2026-08-23 20:55:02,814 1 INFO ci_test_db odoo.addons.school_management.tests.test_srs_lifecycle: Starting TestSrsLifecycle.test_section_transfer_retains_single_yearly_enrollment ... 
2026-08-23 20:55:03,005 1 INFO ci_test_db odoo.addons.school_management.tests.test_srs_lifecycle: Starting TestSrsLifecycle.test_streams_are_only_valid_for_grades_above_ten ... 
2026-08-23 20:55:03,027 1 INFO ci_test_db odoo.addons.school_management.tests.test_srs_lifecycle: Starting TestSrsLifecycle.test_student_id_generated_only_on_approval ... 
2026-08-23 20:55:03,181 1 INFO ci_test_db odoo.addons.base.models.ir_attachment: filestore gc 0 checked, 0 removed 
2026-08-23 20:55:03,182 1 INFO ci_test_db odoo.service.server: 7 post-tests in 0.75s, 252 queries 
2026-08-23 20:55:03,183 1 INFO ci_test_db odoo.tests.stats: school_management: 179 tests 92.78s 40722 queries 
2026-08-23 20:55:03,183 1 ERROR ci_test_db odoo.tests.result: 0 failed, 2 error(s) of 147 tests when loading database 'ci_test_db' 
2026-08-23 20:55:03,184 1 INFO ci_test_db odoo.service.server: Initiating shutdown 
2026-08-23 20:55:03,184 1 INFO ci_test_db odoo.service.server: Hit CTRL-C again or send a second signal to force the shutdown. 
2026-08-23 20:55:03,334 1 INFO ci_test_db odoo.sql_db: ConnectionPool(read/write;used=0/count=0/max=64): Closed 2 connections  

